2026-06-21 22:41:52 ERROR    | Process 10812 | Thread: 26660 | django.request | log.log_message:ln 249 |--  Internal Server Error: /gis/administration/admin/login/
Traceback (most recent call last):
  File "D:\Sayan WorkSpace\Personal Project\GIS\gis_admin\venv\Lib\site-packages\django\core\handlers\exception.py", line 55, in inner
    response = get_response(request)
               ^^^^^^^^^^^^^^^^^^^^^
  File "D:\Sayan WorkSpace\Personal Project\GIS\gis_admin\venv\Lib\site-packages\django\core\handlers\base.py", line 198, in _get_response
    response = wrapped_callback(request, *callback_args, **callback_kwargs)
               ^^^^^^^^^^^^^^^^^^^^^^^^^^^^^^^^^^^^^^^^^^^^^^^^^^^^^^^^^^^^
  File "D:\Sayan WorkSpace\Personal Project\GIS\gis_admin\commonUtility\decorators.py", line 31, in _wrapped_view
    return view_func(request, *args, **kwargs)
           ^^^^^^^^^^^^^^^^^^^^^^^^^^^^^^^^^^^
  File "D:\Sayan WorkSpace\Personal Project\GIS\gis_admin\venv\Lib\site-packages\django\views\decorators\csrf.py", line 65, in _view_wrapper
    return view_func(request, *args, **kwargs)
           ^^^^^^^^^^^^^^^^^^^^^^^^^^^^^^^^^^^
  File "D:\Sayan WorkSpace\Personal Project\GIS\gis_admin\commonUtility\decorators.py", line 17, in wrap
    return func(request, *args, **kwargs)
           ^^^^^^^^^^^^^^^^^^^^^^^^^^^^^^
  File "D:\Sayan WorkSpace\Personal Project\GIS\gis_admin\administration\views.py", line 131, in userPassLogin
    raise Exception("Token generation failed")
Exception: Token generation failed
2026-08-04 21:39:41 ERROR    | Process 11888 | Thread: 17956 | django.request | log.log_message:ln 249 |--  Internal Server Error: /gis/administration/erection/start/
Traceback (most recent call last):
  File "D:\Sayan WorkSpace\Personal Project\GIS\gis_admin\venv\Lib\site-packages\django\db\models\fields\__init__.py", line 2128, in get_prep_value
    return int(value)
           ^^^^^^^^^^
ValueError: invalid literal for int() with base 10: 'LT_440V'

The above exception was the direct cause of the following exception:

Traceback (most recent call last):
  File "D:\Sayan WorkSpace\Personal Project\GIS\gis_admin\venv\Lib\site-packages\django\core\handlers\exception.py", line 55, in inner
    response = get_response(request)
               ^^^^^^^^^^^^^^^^^^^^^
  File "D:\Sayan WorkSpace\Personal Project\GIS\gis_admin\venv\Lib\site-packages\django\core\handlers\base.py", line 198, in _get_response
    response = wrapped_callback(request, *callback_args, **callback_kwargs)
               ^^^^^^^^^^^^^^^^^^^^^^^^^^^^^^^^^^^^^^^^^^^^^^^^^^^^^^^^^^^^
  File "D:\Sayan WorkSpace\Personal Project\GIS\gis_admin\venv\Lib\site-packages\django\views\decorators\csrf.py", line 65, in _view_wrapper
    return view_func(request, *args, **kwargs)
           ^^^^^^^^^^^^^^^^^^^^^^^^^^^^^^^^^^^
  File "D:\Sayan WorkSpace\Personal Project\GIS\gis_admin\commonUtility\decorators.py", line 17, in wrap
    return func(request, *args, **kwargs)
           ^^^^^^^^^^^^^^^^^^^^^^^^^^^^^^
  File "D:\Sayan WorkSpace\Personal Project\GIS\gis_admin\survey_management\views.py", line 51, in start_erection_execution
    erection = ErectionExecution.objects.create(
               ^^^^^^^^^^^^^^^^^^^^^^^^^^^^^^^^^
  File "D:\Sayan WorkSpace\Personal Project\GIS\gis_admin\venv\Lib\site-packages\django\db\models\manager.py", line 87, in manager_method
    return getattr(self.get_queryset(), name)(*args, **kwargs)
           ^^^^^^^^^^^^^^^^^^^^^^^^^^^^^^^^^^^^^^^^^^^^^^^^^^^
  File "D:\Sayan WorkSpace\Personal Project\GIS\gis_admin\venv\Lib\site-packages\django\db\models\query.py", line 669, in create
    obj.save(force_insert=True, using=self.db)
  File "D:\Sayan WorkSpace\Personal Project\GIS\gis_admin\venv\Lib\site-packages\django\db\models\base.py", line 874, in save
    self.save_base(
  File "D:\Sayan WorkSpace\Personal Project\GIS\gis_admin\venv\Lib\site-packages\django\db\models\base.py", line 966, in save_base
    updated = self._save_table(
              ^^^^^^^^^^^^^^^^^
  File "D:\Sayan WorkSpace\Personal Project\GIS\gis_admin\venv\Lib\site-packages\django\db\models\base.py", line 1167, in _save_table
    results = self._do_insert(
              ^^^^^^^^^^^^^^^^
  File "D:\Sayan WorkSpace\Personal Project\GIS\gis_admin\venv\Lib\site-packages\django\db\models\base.py", line 1218, in _do_insert
    return manager._insert(
           ^^^^^^^^^^^^^^^^
  File "D:\Sayan WorkSpace\Personal Project\GIS\gis_admin\venv\Lib\site-packages\django\db\models\manager.py", line 87, in manager_method
    return getattr(self.get_queryset(), name)(*args, **kwargs)
           ^^^^^^^^^^^^^^^^^^^^^^^^^^^^^^^^^^^^^^^^^^^^^^^^^^^
  File "D:\Sayan WorkSpace\Personal Project\GIS\gis_admin\venv\Lib\site-packages\django\db\models\query.py", line 1918, in _insert
    return query.get_compiler(using=using).execute_sql(returning_fields)
           ^^^^^^^^^^^^^^^^^^^^^^^^^^^^^^^^^^^^^^^^^^^^^^^^^^^^^^^^^^^^^
  File "D:\Sayan WorkSpace\Personal Project\GIS\gis_admin\venv\Lib\site-packages\django\db\models\sql\compiler.py", line 1924, in execute_sql
    for sql, params in self.as_sql():
                       ^^^^^^^^^^^^^
  File "D:\Sayan WorkSpace\Personal Project\GIS\gis_admin\venv\Lib\site-packages\django\db\models\sql\compiler.py", line 1813, in as_sql
    field_prepare(field_pre_save(obj)) for obj in self.query.objs
    ^^^^^^^^^^^^^^^^^^^^^^^^^^^^^^^^^^
  File "D:\Sayan WorkSpace\Personal Project\GIS\gis_admin\venv\Lib\site-packages\django\db\models\sql\compiler.py", line 1742, in prepare_value
    return field.get_db_prep_save(value, connection=self.connection)
           ^^^^^^^^^^^^^^^^^^^^^^^^^^^^^^^^^^^^^^^^^^^^^^^^^^^^^^^^^
  File "D:\Sayan WorkSpace\Personal Project\GIS\gis_admin\venv\Lib\site-packages\django\db\models\fields\__init__.py", line 1011, in get_db_prep_save
    return self.get_db_prep_value(value, connection=connection, prepared=False)
           ^^^^^^^^^^^^^^^^^^^^^^^^^^^^^^^^^^^^^^^^^^^^^^^^^^^^^^^^^^^^^^^^^^^^
  File "D:\Sayan WorkSpace\Personal Project\GIS\gis_admin\venv\Lib\site-packages\django\db\models\fields\__init__.py", line 2135, in get_db_prep_value
    value = super().get_db_prep_value(value, connection, prepared)
            ^^^^^^^^^^^^^^^^^^^^^^^^^^^^^^^^^^^^^^^^^^^^^^^^^^^^^^
  File "D:\Sayan WorkSpace\Personal Project\GIS\gis_admin\venv\Lib\site-packages\django\db\models\fields\__init__.py", line 1004, in get_db_prep_value
    value = self.get_prep_value(value)
            ^^^^^^^^^^^^^^^^^^^^^^^^^^
  File "D:\Sayan WorkSpace\Personal Project\GIS\gis_admin\venv\Lib\site-packages\django\db\models\fields\__init__.py", line 2130, in get_prep_value
    raise e.__class__(
ValueError: Field 'type_of_work' expected a number but got 'LT_440V'.
2026-08-04 21:40:08 ERROR    | Process 11888 | Thread: 17956 | django.request | log.log_message:ln 249 |--  Internal Server Error: /gis/administration/erection/start/
Traceback (most recent call last):
  File "D:\Sayan WorkSpace\Personal Project\GIS\gis_admin\venv\Lib\site-packages\django\db\models\fields\__init__.py", line 2128, in get_prep_value
    return int(value)
           ^^^^^^^^^^
ValueError: invalid literal for int() with base 10: 'LT_440V'

The above exception was the direct cause of the following exception:

Traceback (most recent call last):
  File "D:\Sayan WorkSpace\Personal Project\GIS\gis_admin\venv\Lib\site-packages\django\core\handlers\exception.py", line 55, in inner
    response = get_response(request)
               ^^^^^^^^^^^^^^^^^^^^^
  File "D:\Sayan WorkSpace\Personal Project\GIS\gis_admin\venv\Lib\site-packages\django\core\handlers\base.py", line 198, in _get_response
    response = wrapped_callback(request, *callback_args, **callback_kwargs)
               ^^^^^^^^^^^^^^^^^^^^^^^^^^^^^^^^^^^^^^^^^^^^^^^^^^^^^^^^^^^^
  File "D:\Sayan WorkSpace\Personal Project\GIS\gis_admin\venv\Lib\site-packages\django\views\decorators\csrf.py", line 65, in _view_wrapper
    return view_func(request, *args, **kwargs)
           ^^^^^^^^^^^^^^^^^^^^^^^^^^^^^^^^^^^
  File "D:\Sayan WorkSpace\Personal Project\GIS\gis_admin\commonUtility\decorators.py", line 17, in wrap
    return func(request, *args, **kwargs)
           ^^^^^^^^^^^^^^^^^^^^^^^^^^^^^^
  File "D:\Sayan WorkSpace\Personal Project\GIS\gis_admin\survey_management\views.py", line 51, in start_erection_execution
    erection = ErectionExecution.objects.create(
               ^^^^^^^^^^^^^^^^^^^^^^^^^^^^^^^^^
  File "D:\Sayan WorkSpace\Personal Project\GIS\gis_admin\venv\Lib\site-packages\django\db\models\manager.py", line 87, in manager_method
    return getattr(self.get_queryset(), name)(*args, **kwargs)
           ^^^^^^^^^^^^^^^^^^^^^^^^^^^^^^^^^^^^^^^^^^^^^^^^^^^
  File "D:\Sayan WorkSpace\Personal Project\GIS\gis_admin\venv\Lib\site-packages\django\db\models\query.py", line 669, in create
    obj.save(force_insert=True, using=self.db)
  File "D:\Sayan WorkSpace\Personal Project\GIS\gis_admin\venv\Lib\site-packages\django\db\models\base.py", line 874, in save
    self.save_base(
  File "D:\Sayan WorkSpace\Personal Project\GIS\gis_admin\venv\Lib\site-packages\django\db\models\base.py", line 966, in save_base
    updated = self._save_table(
              ^^^^^^^^^^^^^^^^^
  File "D:\Sayan WorkSpace\Personal Project\GIS\gis_admin\venv\Lib\site-packages\django\db\models\base.py", line 1167, in _save_table
    results = self._do_insert(
              ^^^^^^^^^^^^^^^^
  File "D:\Sayan WorkSpace\Personal Project\GIS\gis_admin\venv\Lib\site-packages\django\db\models\base.py", line 1218, in _do_insert
    return manager._insert(
           ^^^^^^^^^^^^^^^^
  File "D:\Sayan WorkSpace\Personal Project\GIS\gis_admin\venv\Lib\site-packages\django\db\models\manager.py", line 87, in manager_method
    return getattr(self.get_queryset(), name)(*args, **kwargs)
           ^^^^^^^^^^^^^^^^^^^^^^^^^^^^^^^^^^^^^^^^^^^^^^^^^^^
  File "D:\Sayan WorkSpace\Personal Project\GIS\gis_admin\venv\Lib\site-packages\django\db\models\query.py", line 1918, in _insert
    return query.get_compiler(using=using).execute_sql(returning_fields)
           ^^^^^^^^^^^^^^^^^^^^^^^^^^^^^^^^^^^^^^^^^^^^^^^^^^^^^^^^^^^^^
  File "D:\Sayan WorkSpace\Personal Project\GIS\gis_admin\venv\Lib\site-packages\django\db\models\sql\compiler.py", line 1924, in execute_sql
    for sql, params in self.as_sql():
                       ^^^^^^^^^^^^^
  File "D:\Sayan WorkSpace\Personal Project\GIS\gis_admin\venv\Lib\site-packages\django\db\models\sql\compiler.py", line 1813, in as_sql
    field_prepare(field_pre_save(obj)) for obj in self.query.objs
    ^^^^^^^^^^^^^^^^^^^^^^^^^^^^^^^^^^
  File "D:\Sayan WorkSpace\Personal Project\GIS\gis_admin\venv\Lib\site-packages\django\db\models\sql\compiler.py", line 1742, in prepare_value
    return field.get_db_prep_save(value, connection=self.connection)
           ^^^^^^^^^^^^^^^^^^^^^^^^^^^^^^^^^^^^^^^^^^^^^^^^^^^^^^^^^
  File "D:\Sayan WorkSpace\Personal Project\GIS\gis_admin\venv\Lib\site-packages\django\db\models\fields\__init__.py", line 1011, in get_db_prep_save
    return self.get_db_prep_value(value, connection=connection, prepared=False)
           ^^^^^^^^^^^^^^^^^^^^^^^^^^^^^^^^^^^^^^^^^^^^^^^^^^^^^^^^^^^^^^^^^^^^
  File "D:\Sayan WorkSpace\Personal Project\GIS\gis_admin\venv\Lib\site-packages\django\db\models\fields\__init__.py", line 2135, in get_db_prep_value
    value = super().get_db_prep_value(value, connection, prepared)
            ^^^^^^^^^^^^^^^^^^^^^^^^^^^^^^^^^^^^^^^^^^^^^^^^^^^^^^
  File "D:\Sayan WorkSpace\Personal Project\GIS\gis_admin\venv\Lib\site-packages\django\db\models\fields\__init__.py", line 1004, in get_db_prep_value
    value = self.get_prep_value(value)
            ^^^^^^^^^^^^^^^^^^^^^^^^^^
  File "D:\Sayan WorkSpace\Personal Project\GIS\gis_admin\venv\Lib\site-packages\django\db\models\fields\__init__.py", line 2130, in get_prep_value
    raise e.__class__(
ValueError: Field 'type_of_work' expected a number but got 'LT_440V'.
2026-08-04 21:45:23 ERROR    | Process 11888 | Thread: 14204 | django.request | log.log_message:ln 249 |--  Internal Server Error: /gis/administration/erection/start/
Traceback (most recent call last):
  File "D:\Sayan WorkSpace\Personal Project\GIS\gis_admin\venv\Lib\site-packages\django\db\models\fields\__init__.py", line 2128, in get_prep_value
    return int(value)
           ^^^^^^^^^^
ValueError: invalid literal for int() with base 10: 'LT_440V'

The above exception was the direct cause of the following exception:

Traceback (most recent call last):
  File "D:\Sayan WorkSpace\Personal Project\GIS\gis_admin\venv\Lib\site-packages\django\core\handlers\exception.py", line 55, in inner
    response = get_response(request)
               ^^^^^^^^^^^^^^^^^^^^^
  File "D:\Sayan WorkSpace\Personal Project\GIS\gis_admin\venv\Lib\site-packages\django\core\handlers\base.py", line 198, in _get_response
    response = wrapped_callback(request, *callback_args, **callback_kwargs)
               ^^^^^^^^^^^^^^^^^^^^^^^^^^^^^^^^^^^^^^^^^^^^^^^^^^^^^^^^^^^^
  File "D:\Sayan WorkSpace\Personal Project\GIS\gis_admin\venv\Lib\site-packages\django\views\decorators\csrf.py", line 65, in _view_wrapper
    return view_func(request, *args, **kwargs)
           ^^^^^^^^^^^^^^^^^^^^^^^^^^^^^^^^^^^
  File "D:\Sayan WorkSpace\Personal Project\GIS\gis_admin\commonUtility\decorators.py", line 17, in wrap
    return func(request, *args, **kwargs)
           ^^^^^^^^^^^^^^^^^^^^^^^^^^^^^^
  File "D:\Sayan WorkSpace\Personal Project\GIS\gis_admin\survey_management\views.py", line 51, in start_erection_execution
    erection = ErectionExecution.objects.create(
               ^^^^^^^^^^^^^^^^^^^^^^^^^^^^^^^^^
  File "D:\Sayan WorkSpace\Personal Project\GIS\gis_admin\venv\Lib\site-packages\django\db\models\manager.py", line 87, in manager_method
    return getattr(self.get_queryset(), name)(*args, **kwargs)
           ^^^^^^^^^^^^^^^^^^^^^^^^^^^^^^^^^^^^^^^^^^^^^^^^^^^
  File "D:\Sayan WorkSpace\Personal Project\GIS\gis_admin\venv\Lib\site-packages\django\db\models\query.py", line 669, in create
    obj.save(force_insert=True, using=self.db)
  File "D:\Sayan WorkSpace\Personal Project\GIS\gis_admin\venv\Lib\site-packages\django\db\models\base.py", line 874, in save
    self.save_base(
  File "D:\Sayan WorkSpace\Personal Project\GIS\gis_admin\venv\Lib\site-packages\django\db\models\base.py", line 966, in save_base
    updated = self._save_table(
              ^^^^^^^^^^^^^^^^^
  File "D:\Sayan WorkSpace\Personal Project\GIS\gis_admin\venv\Lib\site-packages\django\db\models\base.py", line 1167, in _save_table
    results = self._do_insert(
              ^^^^^^^^^^^^^^^^
  File "D:\Sayan WorkSpace\Personal Project\GIS\gis_admin\venv\Lib\site-packages\django\db\models\base.py", line 1218, in _do_insert
    return manager._insert(
           ^^^^^^^^^^^^^^^^
  File "D:\Sayan WorkSpace\Personal Project\GIS\gis_admin\venv\Lib\site-packages\django\db\models\manager.py", line 87, in manager_method
    return getattr(self.get_queryset(), name)(*args, **kwargs)
           ^^^^^^^^^^^^^^^^^^^^^^^^^^^^^^^^^^^^^^^^^^^^^^^^^^^
  File "D:\Sayan WorkSpace\Personal Project\GIS\gis_admin\venv\Lib\site-packages\django\db\models\query.py", line 1918, in _insert
    return query.get_compiler(using=using).execute_sql(returning_fields)
           ^^^^^^^^^^^^^^^^^^^^^^^^^^^^^^^^^^^^^^^^^^^^^^^^^^^^^^^^^^^^^
  File "D:\Sayan WorkSpace\Personal Project\GIS\gis_admin\venv\Lib\site-packages\django\db\models\sql\compiler.py", line 1924, in execute_sql
    for sql, params in self.as_sql():
                       ^^^^^^^^^^^^^
  File "D:\Sayan WorkSpace\Personal Project\GIS\gis_admin\venv\Lib\site-packages\django\db\models\sql\compiler.py", line 1813, in as_sql
    field_prepare(field_pre_save(obj)) for obj in self.query.objs
    ^^^^^^^^^^^^^^^^^^^^^^^^^^^^^^^^^^
  File "D:\Sayan WorkSpace\Personal Project\GIS\gis_admin\venv\Lib\site-packages\django\db\models\sql\compiler.py", line 1742, in prepare_value
    return field.get_db_prep_save(value, connection=self.connection)
           ^^^^^^^^^^^^^^^^^^^^^^^^^^^^^^^^^^^^^^^^^^^^^^^^^^^^^^^^^
  File "D:\Sayan WorkSpace\Personal Project\GIS\gis_admin\venv\Lib\site-packages\django\db\models\fields\__init__.py", line 1011, in get_db_prep_save
    return self.get_db_prep_value(value, connection=connection, prepared=False)
           ^^^^^^^^^^^^^^^^^^^^^^^^^^^^^^^^^^^^^^^^^^^^^^^^^^^^^^^^^^^^^^^^^^^^
  File "D:\Sayan WorkSpace\Personal Project\GIS\gis_admin\venv\Lib\site-packages\django\db\models\fields\__init__.py", line 2135, in get_db_prep_value
    value = super().get_db_prep_value(value, connection, prepared)
            ^^^^^^^^^^^^^^^^^^^^^^^^^^^^^^^^^^^^^^^^^^^^^^^^^^^^^^
  File "D:\Sayan WorkSpace\Personal Project\GIS\gis_admin\venv\Lib\site-packages\django\db\models\fields\__init__.py", line 1004, in get_db_prep_value
    value = self.get_prep_value(value)
            ^^^^^^^^^^^^^^^^^^^^^^^^^^
  File "D:\Sayan WorkSpace\Personal Project\GIS\gis_admin\venv\Lib\site-packages\django\db\models\fields\__init__.py", line 2130, in get_prep_value
    raise e.__class__(
ValueError: Field 'type_of_work' expected a number but got 'LT_440V'.
2026-08-09 00:18:29 ERROR    | Process 22944 | Thread: 11640 | django.request | log.log_message:ln 249 |--  Internal Server Error: /gis/administration/erection/node/save/
Traceback (most recent call last):
  File "D:\Sayan WorkSpace\Personal Project\GIS\gis_admin\venv\Lib\site-packages\django\core\handlers\exception.py", line 55, in inner
    response = get_response(request)
               ^^^^^^^^^^^^^^^^^^^^^
  File "D:\Sayan WorkSpace\Personal Project\GIS\gis_admin\venv\Lib\site-packages\django\core\handlers\base.py", line 198, in _get_response
    response = wrapped_callback(request, *callback_args, **callback_kwargs)
               ^^^^^^^^^^^^^^^^^^^^^^^^^^^^^^^^^^^^^^^^^^^^^^^^^^^^^^^^^^^^
  File "D:\Sayan WorkSpace\Personal Project\GIS\gis_admin\venv\Lib\site-packages\django\views\decorators\csrf.py", line 65, in _view_wrapper
    return view_func(request, *args, **kwargs)
           ^^^^^^^^^^^^^^^^^^^^^^^^^^^^^^^^^^^
  File "D:\Sayan WorkSpace\Personal Project\GIS\gis_admin\commonUtility\decorators.py", line 17, in wrap
    return func(request, *args, **kwargs)
           ^^^^^^^^^^^^^^^^^^^^^^^^^^^^^^
  File "D:\Sayan WorkSpace\Personal Project\GIS\gis_admin\survey_management\views.py", line 278, in save_erection_node
    dtr_capacity_obj = TransformerMaster.objects.filter(id=dtr_capacity_id).first() if dtr_capacity_id else None
                       ^^^^^^^^^^^^^^^^^
NameError: name 'TransformerMaster' is not defined
2026-08-23 15:53:46 INFO     | Process 1416 | Thread: 26192 | common.views | views.upload_document:ln 20 |--  Starting document upload API
2026-08-25 19:05:47 ERROR    | Process 20604 | Thread: 21700 | django.request | log.log_message:ln 249 |--  Internal Server Error: /gis/administration/erection/node/save/
Traceback (most recent call last):
  File "D:\Sayan WorkSpace\Personal Project\GIS\gis_admin\venv\Lib\site-packages\django\db\models\fields\__init__.py", line 2128, in get_prep_value
    return int(value)
           ^^^^^^^^^^
ValueError: invalid literal for int() with base 10: 'mt8ph05b'

The above exception was the direct cause of the following exception:

Traceback (most recent call last):
  File "D:\Sayan WorkSpace\Personal Project\GIS\gis_admin\venv\Lib\site-packages\django\core\handlers\exception.py", line 55, in inner
    response = get_response(request)
               ^^^^^^^^^^^^^^^^^^^^^
  File "D:\Sayan WorkSpace\Personal Project\GIS\gis_admin\venv\Lib\site-packages\django\core\handlers\base.py", line 198, in _get_response
    response = wrapped_callback(request, *callback_args, **callback_kwargs)
               ^^^^^^^^^^^^^^^^^^^^^^^^^^^^^^^^^^^^^^^^^^^^^^^^^^^^^^^^^^^^
  File "D:\Sayan WorkSpace\Personal Project\GIS\gis_admin\venv\Lib\site-packages\django\views\decorators\csrf.py", line 65, in _view_wrapper
    return view_func(request, *args, **kwargs)
           ^^^^^^^^^^^^^^^^^^^^^^^^^^^^^^^^^^^
  File "D:\Sayan WorkSpace\Personal Project\GIS\gis_admin\commonUtility\decorators.py", line 17, in wrap
    return func(request, *args, **kwargs)
           ^^^^^^^^^^^^^^^^^^^^^^^^^^^^^^
  File "D:\Sayan WorkSpace\Personal Project\GIS\gis_admin\survey_management\views.py", line 264, in save_erection_node
    erection = ErectionExecution.objects.filter(id=erection_id).first()
               ^^^^^^^^^^^^^^^^^^^^^^^^^^^^^^^^^^^^^^^^^^^^^^^^
  File "D:\Sayan WorkSpace\Personal Project\GIS\gis_admin\venv\Lib\site-packages\django\db\models\manager.py", line 87, in manager_method
    return getattr(self.get_queryset(), name)(*args, **kwargs)
           ^^^^^^^^^^^^^^^^^^^^^^^^^^^^^^^^^^^^^^^^^^^^^^^^^^^
  File "D:\Sayan WorkSpace\Personal Project\GIS\gis_admin\venv\Lib\site-packages\django\db\models\query.py", line 1542, in filter
    return self._filter_or_exclude(False, args, kwargs)
           ^^^^^^^^^^^^^^^^^^^^^^^^^^^^^^^^^^^^^^^^^^^^
  File "D:\Sayan WorkSpace\Personal Project\GIS\gis_admin\venv\Lib\site-packages\django\db\models\query.py", line 1560, in _filter_or_exclude
    clone._filter_or_exclude_inplace(negate, args, kwargs)
  File "D:\Sayan WorkSpace\Personal Project\GIS\gis_admin\venv\Lib\site-packages\django\db\models\query.py", line 1570, in _filter_or_exclude_inplace
    self._query.add_q(Q(*args, **kwargs))
  File "D:\Sayan WorkSpace\Personal Project\GIS\gis_admin\venv\Lib\site-packages\django\db\models\sql\query.py", line 1671, in add_q
    clause, _ = self._add_q(q_object, can_reuse)
                ^^^^^^^^^^^^^^^^^^^^^^^^^^^^^^^^
  File "D:\Sayan WorkSpace\Personal Project\GIS\gis_admin\venv\Lib\site-packages\django\db\models\sql\query.py", line 1703, in _add_q
    child_clause, needed_inner = self.build_filter(
                                 ^^^^^^^^^^^^^^^^^^
  File "D:\Sayan WorkSpace\Personal Project\GIS\gis_admin\venv\Lib\site-packages\django\db\models\sql\query.py", line 1613, in build_filter
    condition = self.build_lookup(lookups, col, value)
                ^^^^^^^^^^^^^^^^^^^^^^^^^^^^^^^^^^^^^^
  File "D:\Sayan WorkSpace\Personal Project\GIS\gis_admin\venv\Lib\site-packages\django\db\models\sql\query.py", line 1440, in build_lookup
    lookup = lookup_class(lhs, rhs)
             ^^^^^^^^^^^^^^^^^^^^^^
  File "D:\Sayan WorkSpace\Personal Project\GIS\gis_admin\venv\Lib\site-packages\django\db\models\lookups.py", line 35, in __init__
    self.rhs = self.get_prep_lookup()
               ^^^^^^^^^^^^^^^^^^^^^^
  File "D:\Sayan WorkSpace\Personal Project\GIS\gis_admin\venv\Lib\site-packages\django\db\models\lookups.py", line 391, in get_prep_lookup
    return super().get_prep_lookup()
           ^^^^^^^^^^^^^^^^^^^^^^^^^
  File "D:\Sayan WorkSpace\Personal Project\GIS\gis_admin\venv\Lib\site-packages\django\db\models\lookups.py", line 93, in get_prep_lookup
    return self.lhs.output_field.get_prep_value(self.rhs)
           ^^^^^^^^^^^^^^^^^^^^^^^^^^^^^^^^^^^^^^^^^^^^^^
  File "D:\Sayan WorkSpace\Personal Project\GIS\gis_admin\venv\Lib\site-packages\django\db\models\fields\__init__.py", line 2130, in get_prep_value
    raise e.__class__(
ValueError: Field 'id' expected a number but got 'mt8ph05b'.
2026-08-25 19:10:43 ERROR    | Process 20604 | Thread: 21700 | django.request | log.log_message:ln 249 |--  Internal Server Error: /gis/administration/erection/node/save/
Traceback (most recent call last):
  File "D:\Sayan WorkSpace\Personal Project\GIS\gis_admin\venv\Lib\site-packages\django\db\models\fields\__init__.py", line 2128, in get_prep_value
    return int(value)
           ^^^^^^^^^^
ValueError: invalid literal for int() with base 10: 'mt8ph05b'

The above exception was the direct cause of the following exception:

Traceback (most recent call last):
  File "D:\Sayan WorkSpace\Personal Project\GIS\gis_admin\venv\Lib\site-packages\django\core\handlers\exception.py", line 55, in inner
    response = get_response(request)
               ^^^^^^^^^^^^^^^^^^^^^
  File "D:\Sayan WorkSpace\Personal Project\GIS\gis_admin\venv\Lib\site-packages\django\core\handlers\base.py", line 198, in _get_response
    response = wrapped_callback(request, *callback_args, **callback_kwargs)
               ^^^^^^^^^^^^^^^^^^^^^^^^^^^^^^^^^^^^^^^^^^^^^^^^^^^^^^^^^^^^
  File "D:\Sayan WorkSpace\Personal Project\GIS\gis_admin\venv\Lib\site-packages\django\views\decorators\csrf.py", line 65, in _view_wrapper
    return view_func(request, *args, **kwargs)
           ^^^^^^^^^^^^^^^^^^^^^^^^^^^^^^^^^^^
  File "D:\Sayan WorkSpace\Personal Project\GIS\gis_admin\commonUtility\decorators.py", line 17, in wrap
    return func(request, *args, **kwargs)
           ^^^^^^^^^^^^^^^^^^^^^^^^^^^^^^
  File "D:\Sayan WorkSpace\Personal Project\GIS\gis_admin\survey_management\views.py", line 264, in save_erection_node
    erection = ErectionExecution.objects.filter(id=erection_id).first()
               ^^^^^^^^^^^^^^^^^^^^^^^^^^^^^^^^^^^^^^^^^^^^^^^^
  File "D:\Sayan WorkSpace\Personal Project\GIS\gis_admin\venv\Lib\site-packages\django\db\models\manager.py", line 87, in manager_method
    return getattr(self.get_queryset(), name)(*args, **kwargs)
           ^^^^^^^^^^^^^^^^^^^^^^^^^^^^^^^^^^^^^^^^^^^^^^^^^^^
  File "D:\Sayan WorkSpace\Personal Project\GIS\gis_admin\venv\Lib\site-packages\django\db\models\query.py", line 1542, in filter
    return self._filter_or_exclude(False, args, kwargs)
           ^^^^^^^^^^^^^^^^^^^^^^^^^^^^^^^^^^^^^^^^^^^^
  File "D:\Sayan WorkSpace\Personal Project\GIS\gis_admin\venv\Lib\site-packages\django\db\models\query.py", line 1560, in _filter_or_exclude
    clone._filter_or_exclude_inplace(negate, args, kwargs)
  File "D:\Sayan WorkSpace\Personal Project\GIS\gis_admin\venv\Lib\site-packages\django\db\models\query.py", line 1570, in _filter_or_exclude_inplace
    self._query.add_q(Q(*args, **kwargs))
  File "D:\Sayan WorkSpace\Personal Project\GIS\gis_admin\venv\Lib\site-packages\django\db\models\sql\query.py", line 1671, in add_q
    clause, _ = self._add_q(q_object, can_reuse)
                ^^^^^^^^^^^^^^^^^^^^^^^^^^^^^^^^
  File "D:\Sayan WorkSpace\Personal Project\GIS\gis_admin\venv\Lib\site-packages\django\db\models\sql\query.py", line 1703, in _add_q
    child_clause, needed_inner = self.build_filter(
                                 ^^^^^^^^^^^^^^^^^^
  File "D:\Sayan WorkSpace\Personal Project\GIS\gis_admin\venv\Lib\site-packages\django\db\models\sql\query.py", line 1613, in build_filter
    condition = self.build_lookup(lookups, col, value)
                ^^^^^^^^^^^^^^^^^^^^^^^^^^^^^^^^^^^^^^
  File "D:\Sayan WorkSpace\Personal Project\GIS\gis_admin\venv\Lib\site-packages\django\db\models\sql\query.py", line 1440, in build_lookup
    lookup = lookup_class(lhs, rhs)
             ^^^^^^^^^^^^^^^^^^^^^^
  File "D:\Sayan WorkSpace\Personal Project\GIS\gis_admin\venv\Lib\site-packages\django\db\models\lookups.py", line 35, in __init__
    self.rhs = self.get_prep_lookup()
               ^^^^^^^^^^^^^^^^^^^^^^
  File "D:\Sayan WorkSpace\Personal Project\GIS\gis_admin\venv\Lib\site-packages\django\db\models\lookups.py", line 391, in get_prep_lookup
    return super().get_prep_lookup()
           ^^^^^^^^^^^^^^^^^^^^^^^^^
  File "D:\Sayan WorkSpace\Personal Project\GIS\gis_admin\venv\Lib\site-packages\django\db\models\lookups.py", line 93, in get_prep_lookup
    return self.lhs.output_field.get_prep_value(self.rhs)
           ^^^^^^^^^^^^^^^^^^^^^^^^^^^^^^^^^^^^^^^^^^^^^^
  File "D:\Sayan WorkSpace\Personal Project\GIS\gis_admin\venv\Lib\site-packages\django\db\models\fields\__init__.py", line 2130, in get_prep_value
    raise e.__class__(
ValueError: Field 'id' expected a number but got 'mt8ph05b'.
