2026-06-21 22:41:52 ERROR    | Process 10812 | Thread: 26660 | django.request | log.log_message:ln 249 |--  Internal Server Error: /gis/administration/admin/login/
Traceback (most recent call last):
  File "D:\Sayan WorkSpace\Personal Project\GIS\gis_admin\venv\Lib\site-packages\django\core\handlers\exception.py", line 55, in inner
    response = get_response(request)
               ^^^^^^^^^^^^^^^^^^^^^
  File "D:\Sayan WorkSpace\Personal Project\GIS\gis_admin\venv\Lib\site-packages\django\core\handlers\base.py", line 198, in _get_response
    response = wrapped_callback(request, *callback_args, **callback_kwargs)
               ^^^^^^^^^^^^^^^^^^^^^^^^^^^^^^^^^^^^^^^^^^^^^^^^^^^^^^^^^^^^
  File "D:\Sayan WorkSpace\Personal Project\GIS\gis_admin\commonUtility\decorators.py", line 31, in _wrapped_view
    return view_func(request, *args, **kwargs)
           ^^^^^^^^^^^^^^^^^^^^^^^^^^^^^^^^^^^
  File "D:\Sayan WorkSpace\Personal Project\GIS\gis_admin\venv\Lib\site-packages\django\views\decorators\csrf.py", line 65, in _view_wrapper
    return view_func(request, *args, **kwargs)
           ^^^^^^^^^^^^^^^^^^^^^^^^^^^^^^^^^^^
  File "D:\Sayan WorkSpace\Personal Project\GIS\gis_admin\commonUtility\decorators.py", line 17, in wrap
    return func(request, *args, **kwargs)
           ^^^^^^^^^^^^^^^^^^^^^^^^^^^^^^
  File "D:\Sayan WorkSpace\Personal Project\GIS\gis_admin\administration\views.py", line 131, in userPassLogin
    raise Exception("Token generation failed")
Exception: Token generation failed
2026-08-04 13:40:23 WARNING  | Process 8092 | Thread: 24620 | survey_management.views | views.start_erection_execution:ln 31 |--  ================================== START - Erection Execution Start =================================
2026-08-04 13:40:23 WARNING  | Process 8092 | Thread: 24620 | survey_management.views | views.start_erection_execution:ln 67 |--  ================================== END - Erection Execution Start =================================
2026-08-04 14:27:55 WARNING  | Process 14288 | Thread: 24008 | survey_management.views | views.list_erection_executions:ln 78 |--  ================================== START - Erection Execution List =================================
2026-08-04 14:27:56 WARNING  | Process 14288 | Thread: 24008 | survey_management.views | views.list_erection_executions:ln 115 |--  ================================== END - Erection Execution List =================================
2026-08-04 14:31:35 WARNING  | Process 14288 | Thread: 20976 | survey_management.views | views.list_erection_executions:ln 78 |--  ================================== START - Erection Execution List =================================
2026-08-04 14:31:35 WARNING  | Process 14288 | Thread: 20976 | survey_management.views | views.list_erection_executions:ln 115 |--  ================================== END - Erection Execution List =================================
2026-08-04 14:33:14 WARNING  | Process 14288 | Thread: 20976 | survey_management.views | views.start_erection_execution:ln 31 |--  ================================== START - Erection Execution Start =================================
2026-08-04 14:33:14 WARNING  | Process 14288 | Thread: 20976 | survey_management.views | views.start_erection_execution:ln 71 |--  ================================== END - Erection Execution Start =================================
2026-08-04 14:33:35 WARNING  | Process 14288 | Thread: 20976 | survey_management.views | views.list_erection_executions:ln 78 |--  ================================== START - Erection Execution List =================================
2026-08-04 14:33:35 WARNING  | Process 14288 | Thread: 20976 | survey_management.views | views.list_erection_executions:ln 115 |--  ================================== END - Erection Execution List =================================
2026-08-04 14:33:39 WARNING  | Process 14288 | Thread: 20976 | survey_management.views | views.list_erection_executions:ln 78 |--  ================================== START - Erection Execution List =================================
2026-08-04 14:33:39 WARNING  | Process 14288 | Thread: 20976 | survey_management.views | views.list_erection_executions:ln 115 |--  ================================== END - Erection Execution List =================================
2026-08-04 14:36:16 WARNING  | Process 14288 | Thread: 20976 | survey_management.views | views.list_erection_executions:ln 78 |--  ================================== START - Erection Execution List =================================
2026-08-04 14:36:16 WARNING  | Process 14288 | Thread: 20976 | survey_management.views | views.list_erection_executions:ln 115 |--  ================================== END - Erection Execution List =================================
2026-08-04 14:48:35 WARNING  | Process 14288 | Thread: 25460 | survey_management.views | views.list_erection_executions:ln 78 |--  ================================== START - Erection Execution List =================================
2026-08-04 14:48:36 WARNING  | Process 14288 | Thread: 25460 | survey_management.views | views.list_erection_executions:ln 115 |--  ================================== END - Erection Execution List =================================
2026-08-04 14:51:44 WARNING  | Process 14288 | Thread: 25460 | survey_management.views | views.list_erection_executions:ln 78 |--  ================================== START - Erection Execution List =================================
2026-08-04 14:51:44 WARNING  | Process 14288 | Thread: 25460 | survey_management.views | views.list_erection_executions:ln 115 |--  ================================== END - Erection Execution List =================================
2026-08-04 14:51:53 WARNING  | Process 14288 | Thread: 25460 | survey_management.views | views.list_erection_executions:ln 78 |--  ================================== START - Erection Execution List =================================
2026-08-04 14:51:53 WARNING  | Process 14288 | Thread: 25460 | survey_management.views | views.list_erection_executions:ln 115 |--  ================================== END - Erection Execution List =================================
2026-08-04 14:52:00 WARNING  | Process 14288 | Thread: 25460 | survey_management.views | views.list_erection_executions:ln 78 |--  ================================== START - Erection Execution List =================================
2026-08-04 14:52:00 WARNING  | Process 14288 | Thread: 25460 | survey_management.views | views.list_erection_executions:ln 115 |--  ================================== END - Erection Execution List =================================
2026-08-04 14:52:30 WARNING  | Process 14288 | Thread: 25460 | survey_management.views | views.list_erection_executions:ln 78 |--  ================================== START - Erection Execution List =================================
2026-08-04 14:52:30 WARNING  | Process 14288 | Thread: 25460 | survey_management.views | views.list_erection_executions:ln 115 |--  ================================== END - Erection Execution List =================================
2026-08-04 14:52:38 WARNING  | Process 14288 | Thread: 25460 | survey_management.views | views.list_erection_executions:ln 78 |--  ================================== START - Erection Execution List =================================
2026-08-04 14:52:38 WARNING  | Process 14288 | Thread: 25460 | survey_management.views | views.list_erection_executions:ln 115 |--  ================================== END - Erection Execution List =================================
2026-08-04 14:52:50 WARNING  | Process 14288 | Thread: 25460 | survey_management.views | views.list_erection_executions:ln 78 |--  ================================== START - Erection Execution List =================================
2026-08-04 14:52:50 WARNING  | Process 14288 | Thread: 25460 | survey_management.views | views.list_erection_executions:ln 115 |--  ================================== END - Erection Execution List =================================
2026-08-04 14:53:36 WARNING  | Process 14288 | Thread: 25460 | survey_management.views | views.list_erection_executions:ln 78 |--  ================================== START - Erection Execution List =================================
2026-08-04 14:53:36 WARNING  | Process 14288 | Thread: 25460 | survey_management.views | views.list_erection_executions:ln 115 |--  ================================== END - Erection Execution List =================================
2026-08-04 14:53:43 WARNING  | Process 14288 | Thread: 25460 | survey_management.views | views.list_erection_executions:ln 78 |--  ================================== START - Erection Execution List =================================
2026-08-04 14:53:43 WARNING  | Process 14288 | Thread: 25460 | survey_management.views | views.list_erection_executions:ln 115 |--  ================================== END - Erection Execution List =================================
2026-08-04 15:13:57 WARNING  | Process 24128 | Thread: 19700 | survey_management.views | views.start_erection_execution:ln 32 |--  ================================== START - Erection Execution Start =================================
2026-08-04 15:13:57 WARNING  | Process 24128 | Thread: 19700 | survey_management.views | views.start_erection_execution:ln 72 |--  ================================== END - Erection Execution Start =================================
2026-08-04 15:13:57 WARNING  | Process 24128 | Thread: 19700 | survey_management.views | views.list_erection_executions:ln 80 |--  ================================== START - Erection Execution List =================================
2026-08-04 15:13:58 WARNING  | Process 24128 | Thread: 19700 | survey_management.views | views.list_erection_executions:ln 148 |--  ================================== END - Erection Execution List =================================
2026-08-04 15:13:58 WARNING  | Process 24128 | Thread: 19700 | survey_management.views | views.update_erection_execution:ln 156 |--  ================================== START - Erection Execution Update =================================
2026-08-04 15:13:58 WARNING  | Process 24128 | Thread: 19700 | survey_management.views | views.update_erection_execution:ln 203 |--  ================================== END - Erection Execution Update =================================
2026-08-04 15:22:45 WARNING  | Process 26576 | Thread: 3792 | survey_management.views | views.list_erection_executions:ln 80 |--  ================================== START - Erection Execution List =================================
2026-08-04 15:22:46 WARNING  | Process 26576 | Thread: 3792 | survey_management.views | views.list_erection_executions:ln 148 |--  ================================== END - Erection Execution List =================================
2026-08-04 15:29:52 WARNING  | Process 26576 | Thread: 17308 | survey_management.views | views.list_erection_executions:ln 80 |--  ================================== START - Erection Execution List =================================
2026-08-04 15:29:53 WARNING  | Process 26576 | Thread: 17308 | survey_management.views | views.list_erection_executions:ln 148 |--  ================================== END - Erection Execution List =================================
2026-08-04 15:31:57 WARNING  | Process 26576 | Thread: 4088 | survey_management.views | views.list_erection_executions:ln 80 |--  ================================== START - Erection Execution List =================================
2026-08-04 15:31:57 WARNING  | Process 26576 | Thread: 4088 | survey_management.views | views.list_erection_executions:ln 148 |--  ================================== END - Erection Execution List =================================
2026-08-04 15:32:09 WARNING  | Process 26576 | Thread: 4088 | survey_management.views | views.list_erection_executions:ln 80 |--  ================================== START - Erection Execution List =================================
2026-08-04 15:32:10 WARNING  | Process 26576 | Thread: 4088 | survey_management.views | views.list_erection_executions:ln 148 |--  ================================== END - Erection Execution List =================================
2026-08-04 15:32:16 WARNING  | Process 26576 | Thread: 4088 | survey_management.views | views.list_erection_executions:ln 80 |--  ================================== START - Erection Execution List =================================
2026-08-04 15:32:17 WARNING  | Process 26576 | Thread: 4088 | survey_management.views | views.list_erection_executions:ln 148 |--  ================================== END - Erection Execution List =================================
2026-08-04 19:58:35 WARNING  | Process 11888 | Thread: 27284 | survey_management.views | views.list_erection_executions:ln 80 |--  ================================== START - Erection Execution List =================================
2026-08-04 19:58:36 WARNING  | Process 11888 | Thread: 27284 | survey_management.views | views.list_erection_executions:ln 148 |--  ================================== END - Erection Execution List =================================
2026-08-04 20:08:48 WARNING  | Process 11888 | Thread: 7924 | survey_management.views | views.list_erection_executions:ln 80 |--  ================================== START - Erection Execution List =================================
